Configured protected common command: ./mvnw -q -Djunit.parallel.enabled=false -Dtest=TrelloBoardSetupMainTest,LocalSetupTest test
Exit code: 1

STDOUT
[ERROR] Tests run: 260, Failures: 1, Errors: 0, Skipped: 0, Time elapsed: 10.55 s <<< FAILURE! -- in ch.fmartin.symphony.trello.setup.LocalSetupTest
[ERROR] ch.fmartin.symphony.trello.setup.LocalSetupTest.nonInteractiveSetupRejectsAttachedOptionTokenAsMissingListSelectorBeforeTrelloRequest -- Time elapsed: 0.017 s <<< FAILURE!
java.lang.AssertionError: 

Expecting actual:
  "setup_failed code=trello_api_request message=Trello request failed
Next step: Check the Trello API endpoint URL and network connection, or remove the custom --endpoint value, then rerun the command.
"
to contain:
  ["setup_failed code=setup_invalid_arguments",
    "Expected parameter for option '--active'"]
but could not find:
  ["setup_failed code=setup_invalid_arguments",
    "Expected parameter for option '--active'"]
 
	at ch.fmartin.symphony.trello.testsupport.SetupRunResult.stderrContains(SetupRunResult.java:30)
	at ch.fmartin.symphony.trello.setup.LocalSetupTest.nonInteractiveSetupRejectsAttachedOptionTokenAsMissingListSelectorBeforeTrelloRequest(LocalSetupTest.java:6636)

[ERROR] Tests run: 309, Failures: 1, Errors: 0, Skipped: 0, Time elapsed: 66.95 s <<< FAILURE! -- in ch.fmartin.symphony.trello.setup.TrelloBoardSetupMainTest
[ERROR] ch.fmartin.symphony.trello.setup.TrelloBoardSetupMainTest.importBoardRejectsSeparateOptionTokenAsMissingListSelectorBeforeTrelloRequest -- Time elapsed: 0.009 s <<< FAILURE!
java.lang.AssertionError: 

Expecting actual:
  "setup_failed code=trello_api_request message=Trello request failed
Next step: Check the Trello API endpoint URL and network connection, or remove the custom --endpoint value, then rerun the command.
"
to contain:
  ["setup_failed code=setup_invalid_arguments",
    "Expected parameter for option '--active'"]
but could not find:
  ["setup_failed code=setup_invalid_arguments",
    "Expected parameter for option '--active'"]
 
	at ch.fmartin.symphony.trello.testsupport.CliRunResult.stderrContains(CliRunResult.java:30)
	at ch.fmartin.symphony.trello.setup.TrelloBoardSetupMainTest.importBoardRejectsSeparateOptionTokenAsMissingListSelectorBeforeTrelloRequest(TrelloBoardSetupMainTest.java:6828)

[ERROR] Failures: 
[ERROR]   LocalSetupTest.nonInteractiveSetupRejectsAttachedOptionTokenAsMissingListSelectorBeforeTrelloRequest:6636 
Expecting actual:
  "setup_failed code=trello_api_request message=Trello request failed
Next step: Check the Trello API endpoint URL and network connection, or remove the custom --endpoint value, then rerun the command.
"
to contain:
  ["setup_failed code=setup_invalid_arguments",
    "Expected parameter for option '--active'"]
but could not find:
  ["setup_failed code=setup_invalid_arguments",
    "Expected parameter for option '--active'"]
 
[ERROR]   TrelloBoardSetupMainTest.importBoardRejectsSeparateOptionTokenAsMissingListSelectorBeforeTrelloRequest:6828 
Expecting actual:
  "setup_failed code=trello_api_request message=Trello request failed
Next step: Check the Trello API endpoint URL and network connection, or remove the custom --endpoint value, then rerun the command.
"
to contain:
  ["setup_failed code=setup_invalid_arguments",
    "Expected parameter for option '--active'"]
but could not find:
  ["setup_failed code=setup_invalid_arguments",
    "Expected parameter for option '--active'"]
 
[ERROR] Tests run: 569, Failures: 2, Errors: 0, Skipped: 0
[ERROR] Failed to execute goal org.apache.maven.plugins:maven-surefire-plugin:3.5.6:test (default-test) on project symphony-trello: There are test failures.
[ERROR] 
[ERROR] See /tmp/mutation-i486-option-token-consumed-2o2167sg/channel-workspaces/common/repo/target/surefire-reports for the individual test results.
[ERROR] See dump files (if any exist) [date].dump, [date]-jvmRun[N].dump and [date].dumpstream.
[ERROR] -> [Help 1]
[ERROR] 
[ERROR] To see the full stack trace of the errors, re-run Maven with the -e switch.
[ERROR] Re-run Maven using the -X switch to enable full debug logging.
[ERROR] 
[ERROR] For more information about the errors and possible solutions, please read the following articles:
[ERROR] [Help 1] http://cwiki.apache.org/confluence/display/MAVEN/MojoFailureException


STDERR

