Configured protected direct command: ./mvnw -q -Djunit.parallel.enabled=false -Dtest=TrelloHandoffToolHandlerTest#ambiguousListNamePerformsNoTrelloWrite+rejectsAmbiguousListNameMove+rejectsListIdMoveWhenOnlyDuplicateListNameIsAllowed test
Exit code: 1

STDOUT
[ERROR] Tests run: 3, Failures: 1, Errors: 0, Skipped: 0, Time elapsed: 1.358 s <<< FAILURE! -- in ch.fmartin.symphony.trello.agent.TrelloHandoffToolHandlerTest
[ERROR] ch.fmartin.symphony.trello.agent.TrelloHandoffToolHandlerTest.ambiguousListNamePerformsNoTrelloWrite -- Time elapsed: 0.049 s <<< FAILURE!
org.opentest4j.AssertionFailedError: 

expected: null
 but was: "list-review"
	at ch.fmartin.symphony.trello.agent.TrelloHandoffToolHandlerTest.ambiguousListNamePerformsNoTrelloWrite(TrelloHandoffToolHandlerTest.java:763)

[ERROR] Failures: 
[ERROR]   TrelloHandoffToolHandlerTest.ambiguousListNamePerformsNoTrelloWrite:763 
expected: null
 but was: "list-review"
[ERROR] Tests run: 3, Failures: 1, Errors: 0, Skipped: 0
[ERROR] Failed to execute goal org.apache.maven.plugins:maven-surefire-plugin:3.5.6:test (default-test) on project symphony-trello: There are test failures.
[ERROR] 
[ERROR] See /tmp/mutation-i488-ambiguity-write-before-reject-nhx4r8wj/channel-workspaces/direct/repo/target/surefire-reports for the individual test results.
[ERROR] See dump files (if any exist) [date].dump, [date]-jvmRun[N].dump and [date].dumpstream.
[ERROR] -> [Help 1]
[ERROR] 
[ERROR] To see the full stack trace of the errors, re-run Maven with the -e switch.
[ERROR] Re-run Maven using the -X switch to enable full debug logging.
[ERROR] 
[ERROR] For more information about the errors and possible solutions, please read the following articles:
[ERROR] [Help 1] http://cwiki.apache.org/confluence/display/MAVEN/MojoFailureException


STDERR

